---
source: tests/cli.rs
expression: stdout
---
[
  {
    "name": "one",
    "display_name": "One",
    "description": "first rice",
    "install_supported": true,
    "installed": false,
    "documented_system_effects": [
      "writes /etc/thing"
    ]
  },
  {
    "name": "two",
    "display_name": "Two",
    "description": "",
    "install_supported": false,
    "installed": false,
    "documented_system_effects": []
  }
]
